Archive member included to satisfy reference by file (symbol)

C:/NXP/S32DS_ARM_v2018.R1/Cross_Tools/gcc-6.3-arm32-eabi/arm-none-eabi/newlib/lib/thumb/v7e-m/fpv4-sp/hard\libc_nano.a(lib_a-exit.o)
                              C:/NXP/S32DS_ARM_v2018.R1/Cross_Tools/gcc-6.3-arm32-eabi/arm-none-eabi/newlib/lib/thumb/v7e-m/fpv4-sp/hard/crt0.o (exit)
C:/NXP/S32DS_ARM_v2018.R1/Cross_Tools/gcc-6.3-arm32-eabi/arm-none-eabi/newlib/lib/thumb/v7e-m/fpv4-sp/hard\libc_nano.a(lib_a-impure.o)
                              C:/NXP/S32DS_ARM_v2018.R1/Cross_Tools/gcc-6.3-arm32-eabi/arm-none-eabi/newlib/lib/thumb/v7e-m/fpv4-sp/hard\libc_nano.a(lib_a-exit.o) (_global_impure_ptr)
C:/NXP/S32DS_ARM_v2018.R1/Cross_Tools/gcc-6.3-arm32-eabi/arm-none-eabi/newlib/lib/thumb/v7e-m/fpv4-sp/hard\libc_nano.a(lib_a-init.o)
                              C:/NXP/S32DS_ARM_v2018.R1/Cross_Tools/gcc-6.3-arm32-eabi/arm-none-eabi/newlib/lib/thumb/v7e-m/fpv4-sp/hard/crt0.o (__libc_init_array)
C:/NXP/S32DS_ARM_v2018.R1/Cross_Tools/gcc-6.3-arm32-eabi/arm-none-eabi/newlib/lib/thumb/v7e-m/fpv4-sp/hard\libc_nano.a(lib_a-memcpy-stub.o)
                              ./SDK/rtos/FreeRTOS_S32K/Source/stream_buffer.o (memcpy)
C:/NXP/S32DS_ARM_v2018.R1/Cross_Tools/gcc-6.3-arm32-eabi/arm-none-eabi/newlib/lib/thumb/v7e-m/fpv4-sp/hard\libc_nano.a(lib_a-memset.o)
                              C:/NXP/S32DS_ARM_v2018.R1/Cross_Tools/gcc-6.3-arm32-eabi/arm-none-eabi/newlib/lib/thumb/v7e-m/fpv4-sp/hard/crt0.o (memset)
C:/NXP/S32DS_ARM_v2018.R1/Cross_Tools/gcc-6.3-arm32-eabi/arm-none-eabi/newlib/lib/thumb/v7e-m/fpv4-sp/hard\libc_nano.a(lib_a-strlen.o)
                              ./SDK/rtos/FreeRTOS_S32K/Source/tasks.o (strlen)
C:/NXP/S32DS_ARM_v2018.R1/Cross_Tools/gcc-6.3-arm32-eabi/arm-none-eabi/newlib/lib/thumb/v7e-m/fpv4-sp/hard\libnosys.a(_exit.o)
                              C:/NXP/S32DS_ARM_v2018.R1/Cross_Tools/gcc-6.3-arm32-eabi/arm-none-eabi/newlib/lib/thumb/v7e-m/fpv4-sp/hard\libc_nano.a(lib_a-exit.o) (_exit)

Allocating common symbols
Common symbol       size              file

g_xtal0ClkFreq      0x4               ./SDK/platform/drivers/src/clock/S32K1xx/clock_S32K1xx.o
xQueueRegistry      0x40              ./SDK/rtos/FreeRTOS_S32K/Source/queue.o
g_RtcClkInFreq      0x4               ./SDK/platform/drivers/src/clock/S32K1xx/clock_S32K1xx.o
g_TClkFreq          0xc               ./SDK/platform/drivers/src/clock/S32K1xx/clock_S32K1xx.o

Discarded input sections

 .text          0x00000000        0x0 c:/nxp/s32ds_arm_v2018.r1/cross_tools/gcc-6.3-arm32-eabi/bin/../lib/gcc/arm-none-eabi/6.3.1/thumb/v7e-m/fpv4-sp/hard/crti.o
 .data          0x00000000        0x0 c:/nxp/s32ds_arm_v2018.r1/cross_tools/gcc-6.3-arm32-eabi/bin/../lib/gcc/arm-none-eabi/6.3.1/thumb/v7e-m/fpv4-sp/hard/crti.o
 .bss           0x00000000        0x0 c:/nxp/s32ds_arm_v2018.r1/cross_tools/gcc-6.3-arm32-eabi/bin/../lib/gcc/arm-none-eabi/6.3.1/thumb/v7e-m/fpv4-sp/hard/crti.o
 .text          0x00000000       0xa4 c:/nxp/s32ds_arm_v2018.r1/cross_tools/gcc-6.3-arm32-eabi/bin/../lib/gcc/arm-none-eabi/6.3.1/thumb/v7e-m/fpv4-sp/hard/crtbegin.o
 .data          0x00000000        0x4 c:/nxp/s32ds_arm_v2018.r1/cross_tools/gcc-6.3-arm32-eabi/bin/../lib/gcc/arm-none-eabi/6.3.1/thumb/v7e-m/fpv4-sp/hard/crtbegin.o
 .bss           0x00000000       0x1c c:/nxp/s32ds_arm_v2018.r1/cross_tools/gcc-6.3-arm32-eabi/bin/../lib/gcc/arm-none-eabi/6.3.1/thumb/v7e-m/fpv4-sp/hard/crtbegin.o
 .init_array    0x00000000        0x4 c:/nxp/s32ds_arm_v2018.r1/cross_tools/gcc-6.3-arm32-eabi/bin/../lib/gcc/arm-none-eabi/6.3.1/thumb/v7e-m/fpv4-sp/hard/crtbegin.o
 .fini_array    0x00000000        0x4 c:/nxp/s32ds_arm_v2018.r1/cross_tools/gcc-6.3-arm32-eabi/bin/../lib/gcc/arm-none-eabi/6.3.1/thumb/v7e-m/fpv4-sp/hard/crtbegin.o
 .eh_frame      0x00000000        0x0 c:/nxp/s32ds_arm_v2018.r1/cross_tools/gcc-6.3-arm32-eabi/bin/../lib/gcc/arm-none-eabi/6.3.1/thumb/v7e-m/fpv4-sp/hard/crtbegin.o
 .jcr           0x00000000        0x0 c:/nxp/s32ds_arm_v2018.r1/cross_tools/gcc-6.3-arm32-eabi/bin/../lib/gcc/arm-none-eabi/6.3.1/thumb/v7e-m/fpv4-sp/hard/crtbegin.o
 .tm_clone_table
                0x00000000        0x0 c:/nxp/s32ds_arm_v2018.r1/cross_tools/gcc-6.3-arm32-eabi/bin/../lib/gcc/arm-none-eabi/6.3.1/thumb/v7e-m/fpv4-sp/hard/crtbegin.o
 .comment       0x00000000       0xa1 c:/nxp/s32ds_arm_v2018.r1/cross_tools/gcc-6.3-arm32-eabi/bin/../lib/gcc/arm-none-eabi/6.3.1/thumb/v7e-m/fpv4-sp/hard/crtbegin.o
 .ARM.attributes
                0x00000000       0x34 c:/nxp/s32ds_arm_v2018.r1/cross_tools/gcc-6.3-arm32-eabi/bin/../lib/gcc/arm-none-eabi/6.3.1/thumb/v7e-m/fpv4-sp/hard/crtbegin.o
 .text          0x00000000       0x74 C:/NXP/S32DS_ARM_v2018.R1/Cross_Tools/gcc-6.3-arm32-eabi/arm-none-eabi/newlib/lib/thumb/v7e-m/fpv4-sp/hard/crt0.o
 .data          0x00000000        0x0 C:/NXP/S32DS_ARM_v2018.R1/Cross_Tools/gcc-6.3-arm32-eabi/arm-none-eabi/newlib/lib/thumb/v7e-m/fpv4-sp/hard/crt0.o
[...]
Memory Configuration

Name             Origin             Length             Attributes
m_interrupts     0x00000000         0x00000400         xr
m_flash_config   0x00000400         0x00000010         xr
m_text           0x00000410         0x0007fbf0         xr
m_data           0x1fff8000         0x00008000         rw
m_data_2         0x20000000         0x00007000         rw
*default*        0x00000000         0xffffffff

Linker script and memory map

LOAD c:/nxp/s32ds_arm_v2018.r1/cross_tools/gcc-6.3-arm32-eabi/bin/../lib/gcc/arm-none-eabi/6.3.1/thumb/v7e-m/fpv4-sp/hard/crti.o
LOAD c:/nxp/s32ds_arm_v2018.r1/cross_tools/gcc-6.3-arm32-eabi/bin/../lib/gcc/arm-none-eabi/6.3.1/thumb/v7e-m/fpv4-sp/hard/crtbegin.o
LOAD C:/NXP/S32DS_ARM_v2018.R1/Cross_Tools/gcc-6.3-arm32-eabi/arm-none-eabi/newlib/lib/thumb/v7e-m/fpv4-sp/hard/crt0.o
LOAD ./Sources/rtos.o
LOAD ./Sources/main.o
LOAD ./SDK/rtos/FreeRTOS_S32K/Source/portable/MemMang/heap_2.o
LOAD ./SDK/rtos/FreeRTOS_S32K/Source/portable/GCC/ARM_CM4F/port.o
LOAD ./SDK/rtos/FreeRTOS_S32K/Source/timers.o
LOAD ./SDK/rtos/FreeRTOS_S32K/Source/tasks.o
LOAD ./SDK/rtos/FreeRTOS_S32K/Source/stream_buffer.o
LOAD ./SDK/rtos/FreeRTOS_S32K/Source/queue.o
LOAD ./SDK/rtos/FreeRTOS_S32K/Source/list.o
LOAD ./SDK/rtos/FreeRTOS_S32K/Source/event_groups.o
LOAD ./SDK/rtos/FreeRTOS_S32K/Source/croutine.o
LOAD ./SDK/platform/drivers/src/pins/pins_port_hw_access.o
LOAD ./SDK/platform/drivers/src/pins/pins_driver.o
LOAD ./SDK/platform/drivers/src/interrupt/interrupt_manager.o
LOAD ./SDK/platform/drivers/src/clock/S32K1xx/clock_S32K1xx.o
LOAD ./SDK/platform/devices/startup.o
LOAD ./SDK/platform/devices/S32K144/startup/system_S32K144.o
LOAD ./Project_Settings/Startup_Code/startup_S32K144.o
LOAD ./Generated_Code/pin_mux.o
LOAD ./Generated_Code/clockMan1.o
LOAD ./Generated_Code/Cpu.o
START GROUP
LOAD c:/nxp/s32ds_arm_v2018.r1/cross_tools/gcc-6.3-arm32-eabi/bin/../lib/gcc/arm-none-eabi/6.3.1/thumb/v7e-m/fpv4-sp/hard\libgcc.a
LOAD C:/NXP/S32DS_ARM_v2018.R1/Cross_Tools/gcc-6.3-arm32-eabi/arm-none-eabi/newlib/lib/thumb/v7e-m/fpv4-sp/hard\libc_nano.a
END GROUP
START GROUP
LOAD c:/nxp/s32ds_arm_v2018.r1/cross_tools/gcc-6.3-arm32-eabi/bin/../lib/gcc/arm-none-eabi/6.3.1/thumb/v7e-m/fpv4-sp/hard\libgcc.a
LOAD C:/NXP/S32DS_ARM_v2018.R1/Cross_Tools/gcc-6.3-arm32-eabi/arm-none-eabi/newlib/lib/thumb/v7e-m/fpv4-sp/hard\libc_nano.a
LOAD C:/NXP/S32DS_ARM_v2018.R1/Cross_Tools/gcc-6.3-arm32-eabi/arm-none-eabi/newlib/lib/thumb/v7e-m/fpv4-sp/hard\libnosys.a
END GROUP
START GROUP
LOAD c:/nxp/s32ds_arm_v2018.r1/cross_tools/gcc-6.3-arm32-eabi/bin/../lib/gcc/arm-none-eabi/6.3.1/thumb/v7e-m/fpv4-sp/hard\libgcc.a
LOAD C:/NXP/S32DS_ARM_v2018.R1/Cross_Tools/gcc-6.3-arm32-eabi/arm-none-eabi/newlib/lib/thumb/v7e-m/fpv4-sp/hard\libc_nano.a
LOAD C:/NXP/S32DS_ARM_v2018.R1/Cross_Tools/gcc-6.3-arm32-eabi/arm-none-eabi/newlib/lib/thumb/v7e-m/fpv4-sp/hard\libnosys.a
END GROUP
LOAD c:/nxp/s32ds_arm_v2018.r1/cross_tools/gcc-6.3-arm32-eabi/bin/../lib/gcc/arm-none-eabi/6.3.1/thumb/v7e-m/fpv4-sp/hard/crtend.o
LOAD c:/nxp/s32ds_arm_v2018.r1/cross_tools/gcc-6.3-arm32-eabi/bin/../lib/gcc/arm-none-eabi/6.3.1/thumb/v7e-m/fpv4-sp/hard/crtn.o
                0x00000400                HEAP_SIZE = DEFINED (__heap_size__)?__heap_size__:0x400
                0x00000400                STACK_SIZE = DEFINED (__stack_size__)?__stack_size__:0x400
                0x00000400                M_VECTOR_RAM_SIZE = DEFINED (__flash_vector_table__)?0x0:0x400

.interrupts     0x00000000      0x400
                0x00000000                __VECTOR_TABLE = .
                0x00000000                __interrupts_start__ = .
                0x00000000                . = ALIGN (0x4)
 *(.isr_vector)
 .isr_vector    0x00000000      0x400 ./Project_Settings/Startup_Code/startup_S32K144.o
                0x00000000                __isr_vector
                0x00000400                __interrupts_end__ = .
                0x00000400                . = ALIGN (0x4)

.flash_config   0x00000400       0x10
                0x00000400                . = ALIGN (0x4)
 *(.FlashConfig)
 .FlashConfig   0x00000400       0x10 ./Project_Settings/Startup_Code/startup_S32K144.o
                0x00000410                . = ALIGN (0x4)

.text           0x00000410     0x2ec0
                0x00000410                . = ALIGN (0x4)
 *(.text)
 .text          0x00000410       0x6c ./Project_Settings/Startup_Code/startup_S32K144.o
                0x00000410                Reset_Handler
                0x00000478                DebugMon_Handler
                0x00000478                Reserved88_IRQHandler
                0x00000478                CAN0_ORed_IRQHandler
                0x00000478                HardFault_Handler
                0x00000478                Reserved86_IRQHandler
                0x00000478                Reserved103_IRQHandler
                0x00000478                FTM2_Ovf_Reload_IRQHandler
                0x00000478                Reserved50_IRQHandler
                0x00000478                FTFC_Fault_IRQHandler
                0x00000478                FTM0_Ch6_Ch7_IRQHandler
                0x00000478                Reserved114_IRQHandler
                0x00000478                NMI_Handler
                0x00000478                Reserved89_IRQHandler
                0x00000478                ERM_double_fault_IRQHandler
                0x00000478                DMA2_IRQHandler
                0x00000478                Reserved59_IRQHandler
                0x00000478                LPIT0_Ch0_IRQHandler
                0x00000478                Reserved99_IRQHandler
                0x00000478                FTM3_Ch6_Ch7_IRQHandler
                0x00000478                CAN2_ORed_0_15_MB_IRQHandler
                0x00000478                LPIT0_Ch3_IRQHandler
                0x00000478                Reserved92_IRQHandler
                0x00000478                FTM0_Ch4_Ch5_IRQHandler
                0x00000478                CAN1_Error_IRQHandler
                0x00000478                FTM3_Ch0_Ch1_IRQHandler
                0x00000478                SWI_IRQHandler
                0x00000478                ADC0_IRQHandler
                0x00000478                FTM2_Ch4_Ch5_IRQHandler
                0x00000478                UsageFault_Handler
                0x00000478                FTM0_Ovf_Reload_IRQHandler
                0x00000478                DefaultISR
                0x00000478                DMA9_IRQHandler
                0x00000478                Reserved58_IRQHandler
                0x00000478                CAN1_ORed_0_15_MB_IRQHandler
                0x00000478                FTM1_Ch2_Ch3_IRQHandler
                0x00000478                DMA14_IRQHandler
                0x00000478                Reserved82_IRQHandler
                0x00000478                CAN0_ORed_16_31_MB_IRQHandler
                0x00000478                LPI2C0_Slave_IRQHandler
                0x00000478                Reserved71_IRQHandler
                0x00000478                PORTD_IRQHandler
                0x00000478                Reserved69_IRQHandler
                0x00000478                PORTB_IRQHandler
                0x00000478                Reserved70_IRQHandler
                0x00000478                ADC1_IRQHandler
                0x00000478                FTM2_Ch2_Ch3_IRQHandler
                0x00000478                Reserved53_IRQHandler
                0x00000478                DMA5_IRQHandler
                0x00000478                RTC_IRQHandler
                0x00000478                PDB0_IRQHandler
                0x00000478                Reserved54_IRQHandler
                0x00000478                FTM2_Ch6_Ch7_IRQHandler
                0x00000478                FTM3_Ch2_Ch3_IRQHandler
                0x00000478                FTM2_Ch0_Ch1_IRQHandler
                0x00000478                LPSPI1_IRQHandler
                0x00000478                LPUART1_RxTx_IRQHandler
                0x00000478                RTC_Seconds_IRQHandler
                0x00000478                CAN2_ORed_IRQHandler
                0x00000478                Reserved72_IRQHandler
                0x00000478                Reserved110_IRQHandler
                0x00000478                DMA11_IRQHandler
                0x00000478                Reserved107_IRQHandler
                0x00000478                Read_Collision_IRQHandler
                0x00000478                CAN2_Error_IRQHandler
                0x00000478                FTFC_IRQHandler
                0x00000478                DMA7_IRQHandler
                0x00000478                FTM1_Ch6_Ch7_IRQHandler
                0x00000478                Reserved105_IRQHandler
                0x00000478                LPIT0_Ch1_IRQHandler
                0x00000478                FTM1_Ch4_Ch5_IRQHandler
                0x00000478                FTM3_Ovf_Reload_IRQHandler
                0x00000478                LPUART2_RxTx_IRQHandler
                0x00000478                LPSPI0_IRQHandler
                0x00000478                WDOG_EWM_IRQHandler
                0x00000478                MemManage_Handler
                0x00000478                Reserved90_IRQHandler
                0x00000478                Reserved83_IRQHandler
                0x00000478                FTM0_Fault_IRQHandler
                0x00000478                Reserved48_IRQHandler
                0x00000478                ERM_single_fault_IRQHandler
                0x00000478                FTM2_Fault_IRQHandler
                0x00000478                FTM0_Ch2_Ch3_IRQHandler
                0x00000478                DMA13_IRQHandler
                0x00000478                FTM0_Ch0_Ch1_IRQHandler
                0x00000478                FTM3_Fault_IRQHandler
                0x00000478                RCM_IRQHandler
                0x00000478                DMA3_IRQHandler
                0x00000478                Reserved100_IRQHandler
                0x00000478                DMA0_IRQHandler
                0x00000478                Reserved91_IRQHandler
                0x00000478                CAN1_ORed_IRQHandler
                0x00000478                DMA15_IRQHandler
                0x00000478                SCG_IRQHandler
                0x00000478                PDB1_IRQHandler
                0x00000478                Reserved81_IRQHandler
                0x00000478                Reserved46_IRQHandler
                0x00000478                Reserved45_IRQHandler
                0x00000478                CAN0_Error_IRQHandler
                0x00000478                Reserved112_IRQHandler
                0x00000478                LPI2C0_Master_IRQHandler
                0x00000478                DMA4_IRQHandler
                0x00000478                FTM1_Fault_IRQHandler
                0x00000478                Reserved106_IRQHandler
                0x00000478                DMA_Error_IRQHandler
                0x00000478                LVD_LVW_IRQHandler
                0x00000478                LPIT0_Ch2_IRQHandler
                0x00000478                PORTA_IRQHandler
                0x00000478                MCM_IRQHandler
                0x00000478                LPSPI2_IRQHandler
                0x00000478                DMA12_IRQHandler
                0x00000478                FTM3_Ch4_Ch5_IRQHandler
                0x00000478                CAN0_ORed_0_15_MB_IRQHandler
                0x00000478                PORTE_IRQHandler
                0x00000478                LPUART0_RxTx_IRQHandler
                0x00000478                LPTMR0_IRQHandler
                0x00000478                BusFault_Handler
                0x00000478                Reserved87_IRQHandler
                0x00000478                FTM1_Ovf_Reload_IRQHandler
                0x00000478                DMA8_IRQHandler
                0x00000478                Reserved93_IRQHandler
                0x00000478                DMA10_IRQHandler
                0x00000478                CAN0_Wake_Up_IRQHandler
                0x00000478                CMP0_IRQHandler
                0x00000478                Reserved52_IRQHandler
                0x00000478                PORTC_IRQHandler
                0x00000478                DMA6_IRQHandler
                0x00000478                FTM1_Ch0_Ch1_IRQHandler
                0x00000478                FLEXIO_IRQHandler
                0x00000478                DMA1_IRQHandler
                0x00000478                Reserved113_IRQHandler
 *(.text*)
 .text.prvButtonLEDTimerCallback
                0x0000047c       0x14 ./Sources/rtos.o
 .text.prvQueueSendTask
                0x00000490       0x30 ./Sources/rtos.o
 .text.prvQueueReceiveTask
                0x000004c0       0x30 ./Sources/rtos.o
 .text.vPort_C_ISRHandler
                0x000004f0       0x5c ./Sources/rtos.o
                0x000004f0                vPort_C_ISRHandler
 .text.boardSetup
                0x0000054c       0x38 ./Sources/rtos.o
                0x0000054c                boardSetup
 .text.rtos_start
                0x00000584       0xdc ./Sources/rtos.o
                0x00000584                rtos_start
 .text.vApplicationMallocFailedHook
                0x00000660       0x12 ./Sources/rtos.o
                0x00000660                vApplicationMallocFailedHook
 .text.vApplicationStackOverflowHook
                0x00000672       0x12 ./Sources/rtos.o
                0x00000672                vApplicationStackOverflowHook
 .text.vApplicationIdleHook
                0x00000684       0x12 ./Sources/rtos.o
                0x00000684                vApplicationIdleHook
 .text.vApplicationTickHook
                0x00000696        0x2 ./Sources/rtos.o
                0x00000696                vApplicationTickHook
 .text.main     0x00000698       0x18 ./Sources/main.o
                0x00000698                main
 .text.pvPortMalloc
                0x000006b0       0xd0 ./SDK/rtos/FreeRTOS_S32K/Source/portable/MemMang/heap_2.o
                0x000006b0                pvPortMalloc
 .text.vPortFree
                0x00000780       0x44 ./SDK/rtos/FreeRTOS_S32K/Source/portable/MemMang/heap_2.o
                0x00000780                vPortFree
 .text.xPortGetFreeHeapSize
                0x000007c4        0xc ./SDK/rtos/FreeRTOS_S32K/Source/portable/MemMang/heap_2.o
                0x000007c4                xPortGetFreeHeapSize
 .text.prvTaskExitError
                0x000007d0       0x40 ./SDK/rtos/FreeRTOS_S32K/Source/portable/GCC/ARM_CM4F/port.o
 .text.prvPortStartFirstTask
                0x00000810       0x28 ./SDK/rtos/FreeRTOS_S32K/Source/portable/GCC/ARM_CM4F/port.o
 .text.vPortEnableVFP
                0x00000838       0x14 ./SDK/rtos/FreeRTOS_S32K/Source/portable/GCC/ARM_CM4F/port.o
 .text.pxPortInitialiseStack
                0x0000084c       0x2c ./SDK/rtos/FreeRTOS_S32K/Source/portable/GCC/ARM_CM4F/port.o
                0x0000084c                pxPortInitialiseStack
 *fill*         0x00000878        0x8 
 .text.SVC_Handler
                0x00000880       0x24 ./SDK/rtos/FreeRTOS_S32K/Source/portable/GCC/ARM_CM4F/port.o
                0x00000880                SVC_Handler
 .text.vPortEnterCritical
                0x000008a4       0x44 ./SDK/rtos/FreeRTOS_S32K/Source/portable/GCC/ARM_CM4F/port.o
                0x000008a4                vPortEnterCritical
 .text.vPortExitCritical
                0x000008e8       0x2c ./SDK/rtos/FreeRTOS_S32K/Source/portable/GCC/ARM_CM4F/port.o
                0x000008e8                vPortExitCritical
 *fill*         0x00000914        0xc 
 .text.PendSV_Handler
                0x00000920       0x64 ./SDK/rtos/FreeRTOS_S32K/Source/portable/GCC/ARM_CM4F/port.o
                0x00000920                PendSV_Handler
 .text.SysTick_Handler
                0x00000984       0x2c ./SDK/rtos/FreeRTOS_S32K/Source/portable/GCC/ARM_CM4F/port.o
                0x00000984                SysTick_Handler
 .text.vPortSetupTimerInterrupt
                0x000009b0       0x24 ./SDK/rtos/FreeRTOS_S32K/Source/portable/GCC/ARM_CM4F/port.o
                0x000009b0                vPortSetupTimerInterrupt
 .text.xPortStartScheduler
                0x000009d4      0x118 ./SDK/rtos/FreeRTOS_S32K/Source/portable/GCC/ARM_CM4F/port.o
                0x000009d4                xPortStartScheduler
 .text.vPortValidateInterruptPriority
                0x00000aec       0x5c ./SDK/rtos/FreeRTOS_S32K/Source/portable/GCC/ARM_CM4F/port.o
                0x00000aec                vPortValidateInterruptPriority
 .text.prvInsertTimerInActiveList
                0x00000b48       0x48 ./SDK/rtos/FreeRTOS_S32K/Source/timers.o
 .text.prvCheckForValidListAndQueue
                0x00000b90       0x5c ./SDK/rtos/FreeRTOS_S32K/Source/timers.o
 .text.xTimerCreateTimerTask
                0x00000bec       0x4c ./SDK/rtos/FreeRTOS_S32K/Source/timers.o
                0x00000bec                xTimerCreateTimerTask
 .text.xTimerCreate
                0x00000c38       0x48 ./SDK/rtos/FreeRTOS_S32K/Source/timers.o
                0x00000c38                xTimerCreate
 .text.xTimerGenericCommand
                0x00000c80       0x60 ./SDK/rtos/FreeRTOS_S32K/Source/timers.o
                0x00000c80                xTimerGenericCommand
 .text.prvSampleTimeNow
                0x00000ce0       0xa8 ./SDK/rtos/FreeRTOS_S32K/Source/timers.o
 .text.prvTimerTask
                0x00000d88      0x1c8 ./SDK/rtos/FreeRTOS_S32K/Source/timers.o
 .text.prvResetNextTaskUnblockTime
                0x00000f50       0x2c ./SDK/rtos/FreeRTOS_S32K/Source/tasks.o
 .text.prvAddCurrentTaskToDelayedList
                0x00000f7c       0xa0 ./SDK/rtos/FreeRTOS_S32K/Source/tasks.o
 .text.prvIdleTask
                0x0000101c       0x74 ./SDK/rtos/FreeRTOS_S32K/Source/tasks.o
 .text.xTaskCreate
                0x00001090      0x1e4 ./SDK/rtos/FreeRTOS_S32K/Source/tasks.o
                0x00001090                xTaskCreate
 .text.vTaskStartScheduler
                0x00001274       0x84 ./SDK/rtos/FreeRTOS_S32K/Source/tasks.o
                0x00001274                vTaskStartScheduler
 .text.vTaskSuspendAll
                0x000012f8       0x10 ./SDK/rtos/FreeRTOS_S32K/Source/tasks.o
                0x000012f8                vTaskSuspendAll
 .text.xTaskGetTickCount
                0x00001308        0xc ./SDK/rtos/FreeRTOS_S32K/Source/tasks.o
                0x00001308                xTaskGetTickCount
 .text.xTaskGetTickCountFromISR
                0x00001314       0x10 ./SDK/rtos/FreeRTOS_S32K/Source/tasks.o
                0x00001314                xTaskGetTickCountFromISR
 .text.xTaskIncrementTick
                0x00001324      0x138 ./SDK/rtos/FreeRTOS_S32K/Source/tasks.o
                0x00001324                xTaskIncrementTick
 .text.xTaskResumeAll
                0x0000145c      0x100 ./SDK/rtos/FreeRTOS_S32K/Source/tasks.o
                0x0000145c                xTaskResumeAll
 .text.vTaskDelayUntil
                0x0000155c       0xa0 ./SDK/rtos/FreeRTOS_S32K/Source/tasks.o
                0x0000155c                vTaskDelayUntil
 .text.vTaskSwitchContext
                0x000015fc       0xc4 ./SDK/rtos/FreeRTOS_S32K/Source/tasks.o
                0x000015fc                vTaskSwitchContext
 .text.vTaskPlaceOnEventList
                0x000016c0       0x30 ./SDK/rtos/FreeRTOS_S32K/Source/tasks.o
                0x000016c0                vTaskPlaceOnEventList
 .text.vTaskPlaceOnEventListRestricted
                0x000016f0       0x3c ./SDK/rtos/FreeRTOS_S32K/Source/tasks.o
                0x000016f0                vTaskPlaceOnEventListRestricted
 .text.xTaskRemoveFromEventList
                0x0000172c       0x88 ./SDK/rtos/FreeRTOS_S32K/Source/tasks.o
                0x0000172c                xTaskRemoveFromEventList
 .text.vTaskInternalSetTimeOutState
                0x000017b4       0x18 ./SDK/rtos/FreeRTOS_S32K/Source/tasks.o
                0x000017b4                vTaskInternalSetTimeOutState
 .text.xTaskCheckForTimeOut
                0x000017cc       0x9c ./SDK/rtos/FreeRTOS_S32K/Source/tasks.o
                0x000017cc                xTaskCheckForTimeOut
 .text.vTaskMissedYield
                0x00001868        0xc ./SDK/rtos/FreeRTOS_S32K/Source/tasks.o
                0x00001868                vTaskMissedYield
 .text.xTaskGetSchedulerState
                0x00001874       0x20 ./SDK/rtos/FreeRTOS_S32K/Source/tasks.o
                0x00001874                xTaskGetSchedulerState
 .text.xTaskPriorityDisinherit
                0x00001894       0xb0 ./SDK/rtos/FreeRTOS_S32K/Source/tasks.o
                0x00001894                xTaskPriorityDisinherit
 .text.prvIsQueueEmpty
                0x00001944       0x16 ./SDK/rtos/FreeRTOS_S32K/Source/queue.o
 .text.prvCopyDataToQueue
                0x0000195a       0x76 ./SDK/rtos/FreeRTOS_S32K/Source/queue.o
 .text.prvCopyDataFromQueue
                0x000019d0       0x24 ./SDK/rtos/FreeRTOS_S32K/Source/queue.o
 .text.prvUnlockQueue
                0x000019f4       0x82 ./SDK/rtos/FreeRTOS_S32K/Source/queue.o
 *fill*         0x00001a76        0x2 
 .text.xQueueGenericReset
                0x00001a78       0x80 ./SDK/rtos/FreeRTOS_S32K/Source/queue.o
                0x00001a78                xQueueGenericReset
 .text.xQueueGenericCreate
                0x00001af8       0x44 ./SDK/rtos/FreeRTOS_S32K/Source/queue.o
                0x00001af8                xQueueGenericCreate
 .text.xQueueGenericSend
                0x00001b3c      0x188 ./SDK/rtos/FreeRTOS_S32K/Source/queue.o
                0x00001b3c                xQueueGenericSend
 .text.xQueueGenericSendFromISR
                0x00001cc4       0xd6 ./SDK/rtos/FreeRTOS_S32K/Source/queue.o
                0x00001cc4                xQueueGenericSendFromISR
 *fill*         0x00001d9a        0x2 
 .text.xQueueReceive
                0x00001d9c      0x158 ./SDK/rtos/FreeRTOS_S32K/Source/queue.o
                0x00001d9c                xQueueReceive
 .text.vQueueAddToRegistry
                0x00001ef4       0x34 ./SDK/rtos/FreeRTOS_S32K/Source/queue.o
                0x00001ef4                vQueueAddToRegistry
 .text.vQueueWaitForMessageRestricted
                0x00001f28       0x4e ./SDK/rtos/FreeRTOS_S32K/Source/queue.o
                0x00001f28                vQueueWaitForMessageRestricted
 .text.vListInitialise
                0x00001f76       0x16 ./SDK/rtos/FreeRTOS_S32K/Source/list.o
                0x00001f76                vListInitialise
 .text.vListInitialiseItem
                0x00001f8c        0x6 ./SDK/rtos/FreeRTOS_S32K/Source/list.o
                0x00001f8c                vListInitialiseItem
 .text.vListInsertEnd
                0x00001f92       0x18 ./SDK/rtos/FreeRTOS_S32K/Source/list.o
                0x00001f92                vListInsertEnd
 .text.vListInsert
                0x00001faa       0x34 ./SDK/rtos/FreeRTOS_S32K/Source/list.o
                0x00001faa                vListInsert
 .text.uxListRemove
                0x00001fde       0x26 ./SDK/rtos/FreeRTOS_S32K/Source/list.o
                0x00001fde                uxListRemove
 .text.PINS_GetAdcInterleaveVal
                0x00002004       0x70 ./SDK/platform/drivers/src/pins/pins_port_hw_access.o
 .text.PINS_SetMuxModeSel
                0x00002074       0x58 ./SDK/platform/drivers/src/pins/pins_port_hw_access.o
                0x00002074                PINS_SetMuxModeSel
 .text.PINS_DRV_SetMuxModeSel
                0x000020cc        0x8 ./SDK/platform/drivers/src/pins/pins_driver.o
                0x000020cc                PINS_DRV_SetMuxModeSel
 .text.PINS_DRV_SetPinIntSel
                0x000020d4       0x20 ./SDK/platform/drivers/src/pins/pins_driver.o
                0x000020d4                PINS_DRV_SetPinIntSel
 .text.PINS_DRV_ClearPortIntFlagCmd
                0x000020f4        0xa ./SDK/platform/drivers/src/pins/pins_driver.o
                0x000020f4                PINS_DRV_ClearPortIntFlagCmd
 .text.PINS_DRV_SetPinsDirection
                0x000020fe        0x4 ./SDK/platform/drivers/src/pins/pins_driver.o
                0x000020fe                PINS_DRV_SetPinsDirection
 .text.PINS_DRV_SetPins
                0x00002102        0x4 ./SDK/platform/drivers/src/pins/pins_driver.o
                0x00002102                PINS_DRV_SetPins
 .text.PINS_DRV_ClearPins
                0x00002106        0x4 ./SDK/platform/drivers/src/pins/pins_driver.o
                0x00002106                PINS_DRV_ClearPins
 .text.PINS_DRV_TogglePins
                0x0000210a        0x4 ./SDK/platform/drivers/src/pins/pins_driver.o
                0x0000210a                PINS_DRV_TogglePins
 *fill*         0x0000210e        0x2 
 .text.INT_SYS_InstallHandler
                0x00002110       0x48 ./SDK/platform/drivers/src/interrupt/interrupt_manager.o
                0x00002110                INT_SYS_InstallHandler
 .text.INT_SYS_EnableIRQ
                0x00002158       0x28 ./SDK/platform/drivers/src/interrupt/interrupt_manager.o
                0x00002158                INT_SYS_EnableIRQ
 .text.INT_SYS_EnableIRQGlobal
                0x00002180       0x1c ./SDK/platform/drivers/src/interrupt/interrupt_manager.o
                0x00002180                INT_SYS_EnableIRQGlobal
 .text.INT_SYS_DisableIRQGlobal
                0x0000219c       0x10 ./SDK/platform/drivers/src/interrupt/interrupt_manager.o
                0x0000219c                INT_SYS_DisableIRQGlobal
 .text.INT_SYS_SetPriority
                0x000021ac       0x70 ./SDK/platform/drivers/src/interrupt/interrupt_manager.o
                0x000021ac                INT_SYS_SetPriority
 .text.CLOCK_SYS_GetCurrentRunMode
                0x0000221c       0x24 ./SDK/platform/drivers/src/clock/S32K1xx/clock_S32K1xx.o
 .text.CLOCK_SYS_GetSysOscFreq
                0x00002240       0x1c ./SDK/platform/drivers/src/clock/S32K1xx/clock_S32K1xx.o
 .text.CLOCK_SYS_ConfigureSOSC
                0x0000225c      0x12c ./SDK/platform/drivers/src/clock/S32K1xx/clock_S32K1xx.o
 .text.CLOCK_SYS_GetSircFreq
                0x00002388       0x2c ./SDK/platform/drivers/src/clock/S32K1xx/clock_S32K1xx.o
 .text.CLOCK_SYS_ConfigureSIRC
                0x000023b4       0xc4 ./SDK/platform/drivers/src/clock/S32K1xx/clock_S32K1xx.o
 .text.CLOCK_SYS_GetFircFreq
                0x00002478       0x20 ./SDK/platform/drivers/src/clock/S32K1xx/clock_S32K1xx.o
 .text.CLOCK_SYS_ConfigureFIRC
                0x00002498       0xb4 ./SDK/platform/drivers/src/clock/S32K1xx/clock_S32K1xx.o
 .text.CLOCK_SYS_GetSysPllFreq
                0x0000254c       0x44 ./SDK/platform/drivers/src/clock/S32K1xx/clock_S32K1xx.o
 .text.CLOCK_SYS_ConfigureSPLL
                0x00002590      0x12c ./SDK/platform/drivers/src/clock/S32K1xx/clock_S32K1xx.o
 .text.CLOCK_SYS_SetSystemClockConfig
                0x000026bc      0x204 ./SDK/platform/drivers/src/clock/S32K1xx/clock_S32K1xx.o
 .text.CLOCK_SYS_TransitionSystemClock
                0x000028c0       0x54 ./SDK/platform/drivers/src/clock/S32K1xx/clock_S32K1xx.o
 .text.CLOCK_DRV_Init
                0x00002914      0x590 ./SDK/platform/drivers/src/clock/S32K1xx/clock_S32K1xx.o
                0x00002914                CLOCK_DRV_Init
 .text.CLOCK_SYS_Init
                0x00002ea4       0x28 ./SDK/platform/drivers/src/clock/S32K1xx/clock_S32K1xx.o
                0x00002ea4                CLOCK_SYS_Init
 .text.CLOCK_SYS_UpdateConfiguration
                0x00002ecc       0xf4 ./SDK/platform/drivers/src/clock/S32K1xx/clock_S32K1xx.o
                0x00002ecc                CLOCK_SYS_UpdateConfiguration
 .text.init_data_bss
                0x00002fc0       0xd8 ./SDK/platform/devices/startup.o
                0x00002fc0                init_data_bss
 .text.SystemInit
                0x00003098       0x3c ./SDK/platform/devices/S32K144/startup/system_S32K144.o
                0x00003098                SystemInit
 .text.memcpy   0x000030d4       0x16 C:/NXP/S32DS_ARM_v2018.R1/Cross_Tools/gcc-6.3-arm32-eabi/arm-none-eabi/newlib/lib/thumb/v7e-m/fpv4-sp/hard\libc_nano.a(lib_a-memcpy-stub.o)
                0x000030d4                memcpy
 .text.memset   0x000030ea       0x10 C:/NXP/S32DS_ARM_v2018.R1/Cross_Tools/gcc-6.3-arm32-eabi/arm-none-eabi/newlib/lib/thumb/v7e-m/fpv4-sp/hard\libc_nano.a(lib_a-memset.o)
                0x000030ea                memset
 *(.rodata)
 *(.rodata*)
 *fill*         0x000030fa        0x2 
 .rodata.rtos_start.str1.4
                0x000030fc       0x17 ./Sources/rtos.o
 *fill*         0x00003113        0x1 
 .rodata.prvCheckForValidListAndQueue.str1.4
                0x00003114        0x5 ./SDK/rtos/FreeRTOS_S32K/Source/timers.o
 *fill*         0x00003119        0x3 
 .rodata.xTimerCreateTimerTask.str1.4
                0x0000311c        0x8 ./SDK/rtos/FreeRTOS_S32K/Source/timers.o
 .rodata.vTaskStartScheduler.str1.4
                0x00003124        0x8 ./SDK/rtos/FreeRTOS_S32K/Source/tasks.o
                                  0x5 (size before relaxing)
 .rodata.clockNameMappings
                0x0000312c       0x9e ./SDK/platform/drivers/src/clock/S32K1xx/clock_S32K1xx.o
                0x0000312c                clockNameMappings
 *fill*         0x000031ca        0x2 
 .rodata.maxSysClksInHSRUN.7602
                0x000031cc       0x54 ./SDK/platform/drivers/src/clock/S32K1xx/clock_S32K1xx.o
 .rodata.maxSysClksInRUN.7601
                0x00003220       0x54 ./SDK/platform/drivers/src/clock/S32K1xx/clock_S32K1xx.o
 .rodata.maxSysClksInVLPR.7600
                0x00003274       0x54 ./SDK/platform/drivers/src/clock/S32K1xx/clock_S32K1xx.o
 *(.init)
 .init          0x000032c8        0x4 c:/nxp/s32ds_arm_v2018.r1/cross_tools/gcc-6.3-arm32-eabi/bin/../lib/gcc/arm-none-eabi/6.3.1/thumb/v7e-m/fpv4-sp/hard/crti.o
                0x000032c8                _init
 *(.fini)
 .fini          0x000032cc        0x4 c:/nxp/s32ds_arm_v2018.r1/cross_tools/gcc-6.3-arm32-eabi/bin/../lib/gcc/arm-none-eabi/6.3.1/thumb/v7e-m/fpv4-sp/hard/crti.o
                0x000032cc                _fini
 *(.eh_frame)
                0x000032d0                . = ALIGN (0x4)

.glue_7         0x000032d0        0x0
 .glue_7        0x000032d0        0x0 linker stubs

.glue_7t        0x000032d0        0x0
 .glue_7t       0x000032d0        0x0 linker stubs

.vfp11_veneer   0x000032d0        0x0
 .vfp11_veneer  0x000032d0        0x0 linker stubs

.v4_bx          0x000032d0        0x0
 .v4_bx         0x000032d0        0x0 linker stubs

.iplt           0x000032d0        0x0
 .iplt          0x000032d0        0x0 c:/nxp/s32ds_arm_v2018.r1/cross_tools/gcc-6.3-arm32-eabi/bin/../lib/gcc/arm-none-eabi/6.3.1/thumb/v7e-m/fpv4-sp/hard/crtbegin.o

.rel.dyn        0x000032d0        0x0
 .rel.iplt      0x000032d0        0x0 c:/nxp/s32ds_arm_v2018.r1/cross_tools/gcc-6.3-arm32-eabi/bin/../lib/gcc/arm-none-eabi/6.3.1/thumb/v7e-m/fpv4-sp/hard/crtbegin.o

.ARM            0x000032d0        0x0
                0x000032d0                __exidx_start = .
 *(.ARM.exidx*)
                0x000032d0                __exidx_end = .
                0x000032d0                __etext = .
                0x000032d0                __DATA_ROM = .

.interrupts_ram
                0x1fff8000      0x400
                0x1fff8000                . = ALIGN (0x4)
                0x1fff8000                __VECTOR_RAM__ = .
                0x1fff8000                __RAM_START = .
                0x1fff8000                __interrupts_ram_start__ = .
 *(.m_interrupts_ram)
                0x1fff8400                . = (. + M_VECTOR_RAM_SIZE)
 *fill*         0x1fff8000      0x400 
                0x1fff8400                . = ALIGN (0x4)
                0x1fff8400                __interrupts_ram_end__ = .
                0x1fff8000                __VECTOR_RAM = DEFINED (__flash_vector_table__)?ORIGIN (m_interrupts):__VECTOR_RAM__
                0x00000400                __RAM_VECTOR_TABLE_SIZE = DEFINED (__flash_vector_table__)?0x0:(__interrupts_ram_end__ - __interrupts_ram_start__)

.data           0x1fff8400      0x140 load address 0x000032d0
                0x1fff8400                . = ALIGN (0x4)
                0x1fff8400                __DATA_RAM = .
                0x1fff8400                __data_start__ = .
 *(.data)
 *(.data*)
 .data.xFreeBytesRemaining
                0x1fff8400        0x4 ./SDK/rtos/FreeRTOS_S32K/Source/portable/MemMang/heap_2.o
 .data.uxCriticalNesting
                0x1fff8404        0x4 ./SDK/rtos/FreeRTOS_S32K/Source/portable/GCC/ARM_CM4F/port.o
 .data.peripheralClockConfig.7364
                0x1fff8408       0xa0 ./SDK/platform/drivers/src/clock/S32K1xx/clock_S32K1xx.o
 .data.clockMan1_InitConfig0
                0x1fff84a8       0x78 ./Generated_Code/clockMan1.o
                0x1fff84a8                clockMan1_InitConfig0
 .data.g_clockManConfigsArr
                0x1fff8520        0x4 ./Generated_Code/clockMan1.o
                0x1fff8520                g_clockManConfigsArr
 .data.peripheralClockConfig0
                0x1fff8524       0x19 ./Generated_Code/clockMan1.o
                0x1fff8524                peripheralClockConfig0
                0x1fff8540                . = ALIGN (0x4)
 *fill*         0x1fff853d        0x3 
                0x1fff8540                __data_end__ = .
                0x00003410                __DATA_END = (__DATA_ROM + (__data_end__ - __data_start__))
                0x00003410                __CODE_ROM = __DATA_END

.igot.plt       0x1fff8540        0x0 load address 0x00003410
 .igot.plt      0x1fff8540        0x0 c:/nxp/s32ds_arm_v2018.r1/cross_tools/gcc-6.3-arm32-eabi/bin/../lib/gcc/arm-none-eabi/6.3.1/thumb/v7e-m/fpv4-sp/hard/crtbegin.o

.code           0x1fff8540        0x0 load address 0x00003410
                0x1fff8540                . = ALIGN (0x4)
                0x1fff8540                __CODE_RAM = .
                0x1fff8540                __code_start__ = .
                0x1fff8540                __code_ram_start__ = .
 *(.code_ram)
                0x1fff8540                . = ALIGN (0x4)
                0x1fff8540                __code_end__ = .
                0x1fff8540                __code_ram_end__ = .
                0x00003410                __CODE_END = (__CODE_ROM + (__code_end__ - __code_start__))
                0x00003410                __CUSTOM_ROM = __CODE_END

.customSectionBlock
                0x20000000        0x0 load address 0x00003410
                0x20000000                __customSection_start__ = .
 *(.customSection)
                0x20000000                __customSection_end__ = .
                0x00003410                __CUSTOM_END = (__CUSTOM_ROM + (__customSection_end__ - __customSection_start__))

.bss            0x20000000     0x21d4
                0x20000000                . = ALIGN (0x4)
                0x20000000                __BSS_START = .
                0x20000000                __bss_start__ = .
 *(.bss)
 *(.bss*)
 .bss.xButtonLEDTimer
                0x20000000        0x4 ./Sources/rtos.o
 .bss.xQueue    0x20000004        0x4 ./Sources/rtos.o
 .bss.exit_code
                0x20000008        0x4 ./Sources/main.o
                0x20000008                exit_code
 .bss.ucHeap    0x2000000c     0x2000 ./SDK/rtos/FreeRTOS_S32K/Source/portable/MemMang/heap_2.o
 .bss.xEnd      0x2000200c        0x8 ./SDK/rtos/FreeRTOS_S32K/Source/portable/MemMang/heap_2.o
 .bss.xHeapHasBeenInitialised.6103
                0x20002014        0x4 ./SDK/rtos/FreeRTOS_S32K/Source/portable/MemMang/heap_2.o
 .bss.xStart    0x20002018        0x8 ./SDK/rtos/FreeRTOS_S32K/Source/portable/MemMang/heap_2.o
 .bss.ucMaxSysCallPriority
                0x20002020        0x1 ./SDK/rtos/FreeRTOS_S32K/Source/portable/GCC/ARM_CM4F/port.o
 *fill*         0x20002021        0x3 
 .bss.ulMaxPRIGROUPValue
                0x20002024        0x4 ./SDK/rtos/FreeRTOS_S32K/Source/portable/GCC/ARM_CM4F/port.o
 .bss.pxCurrentTimerList
                0x20002028        0x4 ./SDK/rtos/FreeRTOS_S32K/Source/timers.o
 .bss.pxOverflowTimerList
                0x2000202c        0x4 ./SDK/rtos/FreeRTOS_S32K/Source/timers.o
 .bss.xActiveTimerList1
                0x20002030       0x14 ./SDK/rtos/FreeRTOS_S32K/Source/timers.o
 .bss.xActiveTimerList2
                0x20002044       0x14 ./SDK/rtos/FreeRTOS_S32K/Source/timers.o
 .bss.xLastTime.6392
                0x20002058        0x4 ./SDK/rtos/FreeRTOS_S32K/Source/timers.o
 .bss.xTimerQueue
                0x2000205c        0x4 ./SDK/rtos/FreeRTOS_S32K/Source/timers.o
 .bss.xTimerTaskHandle
                0x20002060        0x4 ./SDK/rtos/FreeRTOS_S32K/Source/timers.o
 .bss.pxCurrentTCB
                0x20002064        0x4 ./SDK/rtos/FreeRTOS_S32K/Source/tasks.o
                0x20002064                pxCurrentTCB
 .bss.pxDelayedTaskList
                0x20002068        0x4 ./SDK/rtos/FreeRTOS_S32K/Source/tasks.o
 .bss.pxOverflowDelayedTaskList
                0x2000206c        0x4 ./SDK/rtos/FreeRTOS_S32K/Source/tasks.o
 .bss.pxReadyTasksLists
                0x20002070       0x64 ./SDK/rtos/FreeRTOS_S32K/Source/tasks.o
 .bss.uxCurrentNumberOfTasks
                0x200020d4        0x4 ./SDK/rtos/FreeRTOS_S32K/Source/tasks.o
 .bss.uxDeletedTasksWaitingCleanUp
                0x200020d8        0x4 ./SDK/rtos/FreeRTOS_S32K/Source/tasks.o
 .bss.uxPendedTicks
                0x200020dc        0x4 ./SDK/rtos/FreeRTOS_S32K/Source/tasks.o
 .bss.uxSchedulerSuspended
                0x200020e0        0x4 ./SDK/rtos/FreeRTOS_S32K/Source/tasks.o
 .bss.uxTaskNumber
                0x200020e4        0x4 ./SDK/rtos/FreeRTOS_S32K/Source/tasks.o
 .bss.uxTopReadyPriority
                0x200020e8        0x4 ./SDK/rtos/FreeRTOS_S32K/Source/tasks.o
 .bss.xDelayedTaskList1
                0x200020ec       0x14 ./SDK/rtos/FreeRTOS_S32K/Source/tasks.o
 .bss.xDelayedTaskList2
                0x20002100       0x14 ./SDK/rtos/FreeRTOS_S32K/Source/tasks.o
 .bss.xIdleTaskHandle
                0x20002114        0x4 ./SDK/rtos/FreeRTOS_S32K/Source/tasks.o
 .bss.xNextTaskUnblockTime
                0x20002118        0x4 ./SDK/rtos/FreeRTOS_S32K/Source/tasks.o
 .bss.xNumOfOverflows
                0x2000211c        0x4 ./SDK/rtos/FreeRTOS_S32K/Source/tasks.o
 .bss.xPendingReadyList
                0x20002120       0x14 ./SDK/rtos/FreeRTOS_S32K/Source/tasks.o
 .bss.xSchedulerRunning
                0x20002134        0x4 ./SDK/rtos/FreeRTOS_S32K/Source/tasks.o
 .bss.xSuspendedTaskList
                0x20002138       0x14 ./SDK/rtos/FreeRTOS_S32K/Source/tasks.o
 .bss.xTasksWaitingTermination
                0x2000214c       0x14 ./SDK/rtos/FreeRTOS_S32K/Source/tasks.o
 .bss.xTickCount
                0x20002160        0x4 ./SDK/rtos/FreeRTOS_S32K/Source/tasks.o
 .bss.xYieldPending
                0x20002164        0x4 ./SDK/rtos/FreeRTOS_S32K/Source/tasks.o
 .bss.g_interruptDisableCount
                0x20002168        0x4 ./SDK/platform/drivers/src/interrupt/interrupt_manager.o
 .bss.g_clockState
                0x2000216c       0x10 ./SDK/platform/drivers/src/clock/S32K1xx/clock_S32K1xx.o
 .bss.g_clockManCallbacksArr
                0x2000217c        0x4 ./Generated_Code/clockMan1.o
                0x2000217c                g_clockManCallbacksArr
 *(COMMON)
 COMMON         0x20002180       0x40 ./SDK/rtos/FreeRTOS_S32K/Source/queue.o
                0x20002180                xQueueRegistry
 COMMON         0x200021c0       0x14 ./SDK/platform/drivers/src/clock/S32K1xx/clock_S32K1xx.o
                0x200021c0                g_xtal0ClkFreq
                0x200021c4                g_RtcClkInFreq
                0x200021c8                g_TClkFreq
                0x200021d4                . = ALIGN (0x4)
                0x200021d4                __bss_end__ = .
                0x200021d4                __BSS_END = .

.heap           0x200021d4      0x404
                0x200021d8                . = ALIGN (0x8)
 *fill*         0x200021d4        0x4 
                0x200021d8                __end__ = .
                0x200021d8                __heap_start__ = .
                [!provide]                PROVIDE (end, .)
                [!provide]                PROVIDE (_end, .)
                [!provide]                PROVIDE (__end, .)
                0x200021d8                __HeapBase = .
                0x200025d8                . = (. + HEAP_SIZE)
 *fill*         0x200021d8      0x400 
                0x200025d8                __HeapLimit = .
                0x200025d8                __heap_limit = .
                0x200025d8                __heap_end__ = .
                0x20007000                __StackTop = (ORIGIN (m_data_2) + LENGTH (m_data_2))
                0x20006c00                __StackLimit = (__StackTop - STACK_SIZE)
                0x20007000                PROVIDE (__stack, __StackTop)
                0x20007000                __RAM_END = __StackTop

.stack          0x20006c00      0x400
                0x20006c00                . = ALIGN (0x8)
                0x20006c00                __stack_start__ = .
                0x20007000                . = (. + STACK_SIZE)
 *fill*         0x20006c00      0x400 
                0x20007000                __stack_end__ = .

.ARM.attributes
                0x00000000       0x30
 *(.ARM.attributes)
 .ARM.attributes
                0x00000000       0x22 c:/nxp/s32ds_arm_v2018.r1/cross_tools/gcc-6.3-arm32-eabi/bin/../lib/gcc/arm-none-eabi/6.3.1/thumb/v7e-m/fpv4-sp/hard/crti.o
 .ARM.attributes
                0x00000022       0x39 ./Sources/rtos.o
 .ARM.attributes
                0x0000005b       0x39 ./Sources/main.o
 .ARM.attributes
                0x00000094       0x39 ./SDK/rtos/FreeRTOS_S32K/Source/portable/MemMang/heap_2.o
 .ARM.attributes
                0x000000cd       0x39 ./SDK/rtos/FreeRTOS_S32K/Source/portable/GCC/ARM_CM4F/port.o
 .ARM.attributes
                0x00000106       0x39 ./SDK/rtos/FreeRTOS_S32K/Source/timers.o
 .ARM.attributes
                0x0000013f       0x39 ./SDK/rtos/FreeRTOS_S32K/Source/tasks.o
 .ARM.attributes
                0x00000178       0x39 ./SDK/rtos/FreeRTOS_S32K/Source/queue.o
 .ARM.attributes
                0x000001b1       0x39 ./SDK/rtos/FreeRTOS_S32K/Source/list.o
 .ARM.attributes
                0x000001ea       0x39 ./SDK/platform/drivers/src/pins/pins_port_hw_access.o
 .ARM.attributes
                0x00000223       0x39 ./SDK/platform/drivers/src/pins/pins_driver.o
 .ARM.attributes
                0x0000025c       0x39 ./SDK/platform/drivers/src/interrupt/interrupt_manager.o
 .ARM.attributes
                0x00000295       0x39 ./SDK/platform/drivers/src/clock/S32K1xx/clock_S32K1xx.o
 .ARM.attributes
                0x000002ce       0x39 ./SDK/platform/devices/startup.o
 .ARM.attributes
                0x00000307       0x39 ./SDK/platform/devices/S32K144/startup/system_S32K144.o
 .ARM.attributes
                0x00000340       0x1f ./Project_Settings/Startup_Code/startup_S32K144.o
 .ARM.attributes
                0x0000035f       0x39 ./Generated_Code/clockMan1.o
 .ARM.attributes
                0x00000398       0x34 C:/NXP/S32DS_ARM_v2018.R1/Cross_Tools/gcc-6.3-arm32-eabi/arm-none-eabi/newlib/lib/thumb/v7e-m/fpv4-sp/hard\libc_nano.a(lib_a-memcpy-stub.o)
 .ARM.attributes
                0x000003cc       0x34 C:/NXP/S32DS_ARM_v2018.R1/Cross_Tools/gcc-6.3-arm32-eabi/arm-none-eabi/newlib/lib/thumb/v7e-m/fpv4-sp/hard\libc_nano.a(lib_a-memset.o)
                0x00000001                ASSERT ((__StackLimit >= __HeapLimit), region m_data_2 overflowed with stack and heap)
OUTPUT(project_ads_20210607_3_freertos_s32k144.elf elf32-littlearm)

.debug_info     0x00000000    0x169f9
 .debug_info    0x00000000     0x1dd7 ./Sources/rtos.o
 .debug_info    0x00001dd7     0x1502 ./Sources/main.o
 .debug_info    0x000032d9      0xb85 ./SDK/rtos/FreeRTOS_S32K/Source/portable/MemMang/heap_2.o
 .debug_info    0x00003e5e      0x560 ./SDK/rtos/FreeRTOS_S32K/Source/portable/GCC/ARM_CM4F/port.o
 .debug_info    0x000043be     0x1a95 ./SDK/rtos/FreeRTOS_S32K/Source/timers.o
 .debug_info    0x00005e53     0x313f ./SDK/rtos/FreeRTOS_S32K/Source/tasks.o
 .debug_info    0x00008f92     0x276a ./SDK/rtos/FreeRTOS_S32K/Source/queue.o
 .debug_info    0x0000b6fc      0xaa8 ./SDK/rtos/FreeRTOS_S32K/Source/list.o
 .debug_info    0x0000c1a4      0x9a5 ./SDK/platform/drivers/src/pins/pins_port_hw_access.o
 .debug_info    0x0000cb49     0x14ba ./SDK/platform/drivers/src/pins/pins_driver.o
 .debug_info    0x0000e003      0xb9d ./SDK/platform/drivers/src/interrupt/interrupt_manager.o
 .debug_info    0x0000eba0     0x606d ./SDK/platform/drivers/src/clock/S32K1xx/clock_S32K1xx.o
 .debug_info    0x00014c0d      0x2ad ./SDK/platform/devices/startup.o
 .debug_info    0x00014eba      0x521 ./SDK/platform/devices/S32K144/startup/system_S32K144.o
 .debug_info    0x000153db       0x26 ./Project_Settings/Startup_Code/startup_S32K144.o
 .debug_info    0x00015401     0x15f8 ./Generated_Code/clockMan1.o

.debug_abbrev   0x00000000     0x24ae
 .debug_abbrev  0x00000000      0x29f ./Sources/rtos.o
 .debug_abbrev  0x0000029f      0x170 ./Sources/main.o
 .debug_abbrev  0x0000040f      0x29e ./SDK/rtos/FreeRTOS_S32K/Source/portable/MemMang/heap_2.o
 .debug_abbrev  0x000006ad      0x22a ./SDK/rtos/FreeRTOS_S32K/Source/portable/GCC/ARM_CM4F/port.o
 .debug_abbrev  0x000008d7      0x387 ./SDK/rtos/FreeRTOS_S32K/Source/timers.o
 .debug_abbrev  0x00000c5e      0x3d4 ./SDK/rtos/FreeRTOS_S32K/Source/tasks.o
 .debug_abbrev  0x00001032      0x3b0 ./SDK/rtos/FreeRTOS_S32K/Source/queue.o
 .debug_abbrev  0x000013e2      0x1da ./SDK/rtos/FreeRTOS_S32K/Source/list.o
 .debug_abbrev  0x000015bc      0x232 ./SDK/platform/drivers/src/pins/pins_port_hw_access.o
 .debug_abbrev  0x000017ee      0x2f6 ./SDK/platform/drivers/src/pins/pins_driver.o
 .debug_abbrev  0x00001ae4      0x24e ./SDK/platform/drivers/src/interrupt/interrupt_manager.o
 .debug_abbrev  0x00001d32      0x409 ./SDK/platform/drivers/src/clock/S32K1xx/clock_S32K1xx.o
 .debug_abbrev  0x0000213b       0xe1 ./SDK/platform/devices/startup.o
 .debug_abbrev  0x0000221c      0x141 ./SDK/platform/devices/S32K144/startup/system_S32K144.o
 .debug_abbrev  0x0000235d       0x14 ./Project_Settings/Startup_Code/startup_S32K144.o
 .debug_abbrev  0x00002371      0x13d ./Generated_Code/clockMan1.o

.debug_loc      0x00000000     0xa437
 .debug_loc     0x00000000       0x63 ./Sources/rtos.o
 .debug_loc     0x00000063      0x2a1 ./SDK/rtos/FreeRTOS_S32K/Source/portable/MemMang/heap_2.o
 .debug_loc     0x00000304       0xdc ./SDK/rtos/FreeRTOS_S32K/Source/portable/GCC/ARM_CM4F/port.o
 .debug_loc     0x000003e0      0xa98 ./SDK/rtos/FreeRTOS_S32K/Source/timers.o
 .debug_loc     0x00000e78     0x1d88 ./SDK/rtos/FreeRTOS_S32K/Source/tasks.o
 .debug_loc     0x00002c00     0x139c ./SDK/rtos/FreeRTOS_S32K/Source/queue.o
 .debug_loc     0x00003f9c       0x65 ./SDK/rtos/FreeRTOS_S32K/Source/list.o
 .debug_loc     0x00004001      0x639 ./SDK/platform/drivers/src/pins/pins_port_hw_access.o
 .debug_loc     0x0000463a      0x7c7 ./SDK/platform/drivers/src/pins/pins_driver.o
 .debug_loc     0x00004e01      0x63c ./SDK/platform/drivers/src/interrupt/interrupt_manager.o
 .debug_loc     0x0000543d     0x4e23 ./SDK/platform/drivers/src/clock/S32K1xx/clock_S32K1xx.o
 .debug_loc     0x0000a260       0xec ./SDK/platform/devices/startup.o
 .debug_loc     0x0000a34c       0xeb ./SDK/platform/devices/S32K144/startup/system_S32K144.o

.debug_aranges  0x00000000      0x818
 .debug_aranges
                0x00000000       0x78 ./Sources/rtos.o
 .debug_aranges
                0x00000078       0x20 ./Sources/main.o
 .debug_aranges
                0x00000098       0x38 ./SDK/rtos/FreeRTOS_S32K/Source/portable/MemMang/heap_2.o
 .debug_aranges
                0x000000d0       0x80 ./SDK/rtos/FreeRTOS_S32K/Source/portable/GCC/ARM_CM4F/port.o
 .debug_aranges
                0x00000150       0x98 ./SDK/rtos/FreeRTOS_S32K/Source/timers.o
 .debug_aranges
                0x000001e8      0x1b0 ./SDK/rtos/FreeRTOS_S32K/Source/tasks.o
 .debug_aranges
                0x00000398      0x108 ./SDK/rtos/FreeRTOS_S32K/Source/queue.o
 .debug_aranges
                0x000004a0       0x40 ./SDK/rtos/FreeRTOS_S32K/Source/list.o
 .debug_aranges
                0x000004e0       0x40 ./SDK/platform/drivers/src/pins/pins_port_hw_access.o
 .debug_aranges
                0x00000520       0xe0 ./SDK/platform/drivers/src/pins/pins_driver.o
 .debug_aranges
                0x00000600       0x70 ./SDK/platform/drivers/src/interrupt/interrupt_manager.o
 .debug_aranges
                0x00000670      0x120 ./SDK/platform/drivers/src/clock/S32K1xx/clock_S32K1xx.o
 .debug_aranges
                0x00000790       0x20 ./SDK/platform/devices/startup.o
 .debug_aranges
                0x000007b0       0x30 ./SDK/platform/devices/S32K144/startup/system_S32K144.o
 .debug_aranges
                0x000007e0       0x20 ./Project_Settings/Startup_Code/startup_S32K144.o
 .debug_aranges
                0x00000800       0x18 ./Generated_Code/clockMan1.o

.debug_ranges   0x00000000      0xc30
 .debug_ranges  0x00000000       0x68 ./Sources/rtos.o
 .debug_ranges  0x00000068       0x10 ./Sources/main.o
 .debug_ranges  0x00000078       0x28 ./SDK/rtos/FreeRTOS_S32K/Source/portable/MemMang/heap_2.o
 .debug_ranges  0x000000a0       0x70 ./SDK/rtos/FreeRTOS_S32K/Source/portable/GCC/ARM_CM4F/port.o
 .debug_ranges  0x00000110       0xd8 ./SDK/rtos/FreeRTOS_S32K/Source/timers.o
 .debug_ranges  0x000001e8      0x280 ./SDK/rtos/FreeRTOS_S32K/Source/tasks.o
 .debug_ranges  0x00000468      0x260 ./SDK/rtos/FreeRTOS_S32K/Source/queue.o
 .debug_ranges  0x000006c8       0x30 ./SDK/rtos/FreeRTOS_S32K/Source/list.o
 .debug_ranges  0x000006f8       0x48 ./SDK/platform/drivers/src/pins/pins_port_hw_access.o
 .debug_ranges  0x00000740       0xd0 ./SDK/platform/drivers/src/pins/pins_driver.o
 .debug_ranges  0x00000810       0x98 ./SDK/platform/drivers/src/interrupt/interrupt_manager.o
 .debug_ranges  0x000008a8      0x358 ./SDK/platform/drivers/src/clock/S32K1xx/clock_S32K1xx.o
 .debug_ranges  0x00000c00       0x10 ./SDK/platform/devices/startup.o
 .debug_ranges  0x00000c10       0x20 ./SDK/platform/devices/S32K144/startup/system_S32K144.o

.debug_macro    0x00000000    0x222d3
 .debug_macro   0x00000000      0x1ef ./Sources/rtos.o
 .debug_macro   0x000001ef      0x8e0 ./Sources/rtos.o
 .debug_macro   0x00000acf      0x16d ./Sources/rtos.o
 .debug_macro   0x00000c3c       0x22 ./Sources/rtos.o
 .debug_macro   0x00000c5e       0x4f ./Sources/rtos.o
 .debug_macro   0x00000cad       0x51 ./Sources/rtos.o
 .debug_macro   0x00000cfe       0xef ./Sources/rtos.o
 .debug_macro   0x00000ded       0x6a ./Sources/rtos.o
 .debug_macro   0x00000e57      0x1df ./Sources/rtos.o
 .debug_macro   0x00001036      0x1d2 ./Sources/rtos.o
 .debug_macro   0x00001208      0x15a ./Sources/rtos.o
 .debug_macro   0x00001362       0xd7 ./Sources/rtos.o
 .debug_macro   0x00001439       0x10 ./Sources/rtos.o
 .debug_macro   0x00001449       0x1f ./Sources/rtos.o
 .debug_macro   0x00001468      0x3f4 ./Sources/rtos.o
 .debug_macro   0x0000185c       0xb5 ./Sources/rtos.o
 .debug_macro   0x00001911       0x8c ./Sources/rtos.o
 .debug_macro   0x0000199d       0x86 ./Sources/rtos.o
 .debug_macro   0x00001a23       0x91 ./Sources/rtos.o
 .debug_macro   0x00001ab4       0x10 ./Sources/rtos.o
 .debug_macro   0x00001ac4       0x79 ./Sources/rtos.o
 .debug_macro   0x00001b3d     0xed32 ./Sources/rtos.o
 .debug_macro   0x0001086f      0xb86 ./Sources/rtos.o
 .debug_macro   0x000113f5       0x22 ./Sources/rtos.o
 .debug_macro   0x00011417       0x83 ./Sources/rtos.o
 .debug_macro   0x0001149a       0x28 ./Sources/rtos.o
 .debug_macro   0x000114c2       0x16 ./Sources/rtos.o
 .debug_macro   0x000114d8       0x4c ./Sources/rtos.o
 .debug_macro   0x00011524      0x17e ./Sources/main.o
 .debug_macro   0x000116a2       0x19 ./Sources/main.o
 .debug_macro   0x000116bb     0xed1d ./Sources/main.o
 .debug_macro   0x000203d8      0x19f ./SDK/rtos/FreeRTOS_S32K/Source/portable/MemMang/heap_2.o
 .debug_macro   0x00020577       0x4c ./SDK/rtos/FreeRTOS_S32K/Source/portable/MemMang/heap_2.o
 .debug_macro   0x000205c3       0x55 ./SDK/rtos/FreeRTOS_S32K/Source/portable/MemMang/heap_2.o
 .debug_macro   0x00020618       0x3c ./SDK/rtos/FreeRTOS_S32K/Source/portable/MemMang/heap_2.o
 .debug_macro   0x00020654       0x9c ./SDK/rtos/FreeRTOS_S32K/Source/portable/MemMang/heap_2.o
 .debug_macro   0x000206f0       0x16 ./SDK/rtos/FreeRTOS_S32K/Source/portable/MemMang/heap_2.o
 .debug_macro   0x00020706      0x10e ./SDK/rtos/FreeRTOS_S32K/Source/portable/MemMang/heap_2.o
 .debug_macro   0x00020814       0x86 ./SDK/rtos/FreeRTOS_S32K/Source/portable/MemMang/heap_2.o
 .debug_macro   0x0002089a       0x57 ./SDK/rtos/FreeRTOS_S32K/Source/portable/MemMang/heap_2.o
 .debug_macro   0x000208f1       0x52 ./SDK/rtos/FreeRTOS_S32K/Source/portable/MemMang/heap_2.o
 .debug_macro   0x00020943       0x1f ./SDK/rtos/FreeRTOS_S32K/Source/portable/MemMang/heap_2.o
 .debug_macro   0x00020962       0x43 ./SDK/rtos/FreeRTOS_S32K/Source/portable/MemMang/heap_2.o
 .debug_macro   0x000209a5       0x20 ./SDK/rtos/FreeRTOS_S32K/Source/portable/MemMang/heap_2.o
 .debug_macro   0x000209c5      0x1a3 ./SDK/rtos/FreeRTOS_S32K/Source/portable/MemMang/heap_2.o
 .debug_macro   0x00020b68      0x330 ./SDK/rtos/FreeRTOS_S32K/Source/portable/MemMang/heap_2.o
 .debug_macro   0x00020e98       0x22 ./SDK/rtos/FreeRTOS_S32K/Source/portable/MemMang/heap_2.o
 .debug_macro   0x00020eba      0x196 ./SDK/rtos/FreeRTOS_S32K/Source/portable/GCC/ARM_CM4F/port.o
 .debug_macro   0x00021050      0x1b5 ./SDK/rtos/FreeRTOS_S32K/Source/timers.o
 .debug_macro   0x00021205      0x2b0 ./SDK/rtos/FreeRTOS_S32K/Source/tasks.o
 .debug_macro   0x000214b5       0x16 ./SDK/rtos/FreeRTOS_S32K/Source/tasks.o
 .debug_macro   0x000214cb       0x35 ./SDK/rtos/FreeRTOS_S32K/Source/tasks.o
 .debug_macro   0x00021500       0x10 ./SDK/rtos/FreeRTOS_S32K/Source/tasks.o
 .debug_macro   0x00021510       0x1c ./SDK/rtos/FreeRTOS_S32K/Source/tasks.o
 .debug_macro   0x0002152c       0x10 ./SDK/rtos/FreeRTOS_S32K/Source/tasks.o
 .debug_macro   0x0002153c       0x10 ./SDK/rtos/FreeRTOS_S32K/Source/tasks.o
 .debug_macro   0x0002154c       0xb6 ./SDK/rtos/FreeRTOS_S32K/Source/tasks.o
 .debug_macro   0x00021602       0x16 ./SDK/rtos/FreeRTOS_S32K/Source/tasks.o
 .debug_macro   0x00021618      0x130 ./SDK/rtos/FreeRTOS_S32K/Source/tasks.o
 .debug_macro   0x00021748      0x1e4 ./SDK/rtos/FreeRTOS_S32K/Source/queue.o
 .debug_macro   0x0002192c      0x172 ./SDK/rtos/FreeRTOS_S32K/Source/list.o
 .debug_macro   0x00021a9e       0xde ./SDK/platform/drivers/src/pins/pins_port_hw_access.o
 .debug_macro   0x00021b7c       0xde ./SDK/platform/drivers/src/pins/pins_driver.o
 .debug_macro   0x00021c5a       0xb7 ./SDK/platform/drivers/src/interrupt/interrupt_manager.o
 .debug_macro   0x00021d11      0x2a3 ./SDK/platform/drivers/src/clock/S32K1xx/clock_S32K1xx.o
 .debug_macro   0x00021fb4       0xb6 ./SDK/platform/devices/startup.o
 .debug_macro   0x0002206a       0x40 ./SDK/platform/devices/startup.o
 .debug_macro   0x000220aa       0xb6 ./SDK/platform/devices/S32K144/startup/system_S32K144.o
 .debug_macro   0x00022160      0x163 ./Generated_Code/clockMan1.o
 .debug_macro   0x000222c3       0x10 ./Generated_Code/clockMan1.o

.debug_line     0x00000000     0x7562
 .debug_line    0x00000000      0x804 ./Sources/rtos.o
 .debug_line    0x00000804      0x6b9 ./Sources/main.o
 .debug_line    0x00000ebd      0x543 ./SDK/rtos/FreeRTOS_S32K/Source/portable/MemMang/heap_2.o
 .debug_line    0x00001400      0x55a ./SDK/rtos/FreeRTOS_S32K/Source/portable/GCC/ARM_CM4F/port.o
 .debug_line    0x0000195a      0x738 ./SDK/rtos/FreeRTOS_S32K/Source/timers.o
 .debug_line    0x00002092      0xef5 ./SDK/rtos/FreeRTOS_S32K/Source/tasks.o
 .debug_line    0x00002f87      0xb2d ./SDK/rtos/FreeRTOS_S32K/Source/queue.o
 .debug_line    0x00003ab4      0x50a ./SDK/rtos/FreeRTOS_S32K/Source/list.o
 .debug_line    0x00003fbe      0x598 ./SDK/platform/drivers/src/pins/pins_port_hw_access.o
 .debug_line    0x00004556      0x6d9 ./SDK/platform/drivers/src/pins/pins_driver.o
 .debug_line    0x00004c2f      0x57e ./SDK/platform/drivers/src/interrupt/interrupt_manager.o
 .debug_line    0x000051ad     0x1495 ./SDK/platform/drivers/src/clock/S32K1xx/clock_S32K1xx.o
 .debug_line    0x00006642      0x399 ./SDK/platform/devices/startup.o
 .debug_line    0x000069db      0x40c ./SDK/platform/devices/S32K144/startup/system_S32K144.o
 .debug_line    0x00006de7       0xcc ./Project_Settings/Startup_Code/startup_S32K144.o
 .debug_line    0x00006eb3      0x6af ./Generated_Code/clockMan1.o

.debug_str      0x00000000    0x7961e
 .debug_str     0x00000000    0x6fc2e ./Sources/rtos.o
                              0x7012c (size before relaxing)
 .debug_str     0x0006fc2e       0x3b ./Sources/main.o
                              0x6d95b (size before relaxing)
 .debug_str     0x0006fc69     0x3549 ./SDK/rtos/FreeRTOS_S32K/Source/portable/MemMang/heap_2.o
                               0xa85a (size before relaxing)
 .debug_str     0x000731b2      0x889 ./SDK/rtos/FreeRTOS_S32K/Source/portable/GCC/ARM_CM4F/port.o
                               0x7b6e (size before relaxing)
 .debug_str     0x00073a3b      0x648 ./SDK/rtos/FreeRTOS_S32K/Source/timers.o
                               0xbb29 (size before relaxing)
 .debug_str     0x00074083     0x1c32 ./SDK/rtos/FreeRTOS_S32K/Source/tasks.o
                               0xcc7f (size before relaxing)
 .debug_str     0x00075cb5      0x716 ./SDK/rtos/FreeRTOS_S32K/Source/queue.o
                               0xb705 (size before relaxing)
 .debug_str     0x000763cb       0x90 ./SDK/rtos/FreeRTOS_S32K/Source/list.o
                               0x9fe1 (size before relaxing)
 .debug_str     0x0007645b      0x3b8 ./SDK/platform/drivers/src/pins/pins_port_hw_access.o
                              0x6900c (size before relaxing)
 .debug_str     0x00076813      0x48a ./SDK/platform/drivers/src/pins/pins_driver.o
                              0x69b24 (size before relaxing)
 .debug_str     0x00076c9d      0x24c ./SDK/platform/drivers/src/interrupt/interrupt_manager.o
                              0x68e47 (size before relaxing)
 .debug_str     0x00076ee9     0x2236 ./SDK/platform/drivers/src/clock/S32K1xx/clock_S32K1xx.o
                              0x6c9f1 (size before relaxing)
 .debug_str     0x0007911f      0x38c ./SDK/platform/devices/startup.o
                              0x689c8 (size before relaxing)
 .debug_str     0x000794ab       0xd9 ./SDK/platform/devices/S32K144/startup/system_S32K144.o
                              0x68856 (size before relaxing)
 .debug_str     0x00079584       0x7c ./Project_Settings/Startup_Code/startup_S32K144.o
                                 0xf5 (size before relaxing)
 .debug_str     0x00079600       0x1e ./Generated_Code/clockMan1.o
                              0x6ddcb (size before relaxing)

.comment        0x00000000       0xa0
 .comment       0x00000000       0xa0 ./Sources/rtos.o
                                 0xa1 (size before relaxing)
 .comment       0x000000a0       0xa1 ./Sources/main.o
 .comment       0x000000a0       0xa1 ./SDK/rtos/FreeRTOS_S32K/Source/portable/MemMang/heap_2.o
 .comment       0x000000a0       0xa1 ./SDK/rtos/FreeRTOS_S32K/Source/portable/GCC/ARM_CM4F/port.o
 .comment       0x000000a0       0xa1 ./SDK/rtos/FreeRTOS_S32K/Source/timers.o
 .comment       0x000000a0       0xa1 ./SDK/rtos/FreeRTOS_S32K/Source/tasks.o
 .comment       0x000000a0       0xa1 ./SDK/rtos/FreeRTOS_S32K/Source/queue.o
 .comment       0x000000a0       0xa1 ./SDK/rtos/FreeRTOS_S32K/Source/list.o
 .comment       0x000000a0       0xa1 ./SDK/platform/drivers/src/pins/pins_port_hw_access.o
 .comment       0x000000a0       0xa1 ./SDK/platform/drivers/src/pins/pins_driver.o
 .comment       0x000000a0       0xa1 ./SDK/platform/drivers/src/interrupt/interrupt_manager.o
 .comment       0x000000a0       0xa1 ./SDK/platform/drivers/src/clock/S32K1xx/clock_S32K1xx.o
 .comment       0x000000a0       0xa1 ./SDK/platform/devices/startup.o
 .comment       0x000000a0       0xa1 ./SDK/platform/devices/S32K144/startup/system_S32K144.o
 .comment       0x000000a0       0xa1 ./Generated_Code/clockMan1.o

.debug_frame    0x00000000     0x1568
 .debug_frame   0x00000000      0x118 ./Sources/rtos.o
 .debug_frame   0x00000118       0x28 ./Sources/main.o
 .debug_frame   0x00000140       0x70 ./SDK/rtos/FreeRTOS_S32K/Source/portable/MemMang/heap_2.o
 .debug_frame   0x000001b0      0x100 ./SDK/rtos/FreeRTOS_S32K/Source/portable/GCC/ARM_CM4F/port.o
 .debug_frame   0x000002b0      0x1d0 ./SDK/rtos/FreeRTOS_S32K/Source/timers.o
 .debug_frame   0x00000480      0x574 ./SDK/rtos/FreeRTOS_S32K/Source/tasks.o
 .debug_frame   0x000009f4      0x374 ./SDK/rtos/FreeRTOS_S32K/Source/queue.o
 .debug_frame   0x00000d68       0x6c ./SDK/rtos/FreeRTOS_S32K/Source/list.o
 .debug_frame   0x00000dd4       0xa0 ./SDK/platform/drivers/src/pins/pins_port_hw_access.o
 .debug_frame   0x00000e74      0x1e4 ./SDK/platform/drivers/src/pins/pins_driver.o
 .debug_frame   0x00001058       0xd8 ./SDK/platform/drivers/src/interrupt/interrupt_manager.o
 .debug_frame   0x00001130      0x384 ./SDK/platform/drivers/src/clock/S32K1xx/clock_S32K1xx.o
 .debug_frame   0x000014b4       0x2c ./SDK/platform/devices/startup.o
 .debug_frame   0x000014e0       0x40 ./SDK/platform/devices/S32K144/startup/system_S32K144.o
 .debug_frame   0x00001520       0x28 C:/NXP/S32DS_ARM_v2018.R1/Cross_Tools/gcc-6.3-arm32-eabi/arm-none-eabi/newlib/lib/thumb/v7e-m/fpv4-sp/hard\libc_nano.a(lib_a-memcpy-stub.o)
 .debug_frame   0x00001548       0x20 C:/NXP/S32DS_ARM_v2018.R1/Cross_Tools/gcc-6.3-arm32-eabi/arm-none-eabi/newlib/lib/thumb/v7e-m/fpv4-sp/hard\libc_nano.a(lib_a-memset.o)
